[0.007s] Invoking command in '/home/gohar/reception_ws/src/reception_bot/build/reception_bot': CMAKE_PREFIX_PATH=${CMAKE_PREFIX_PATH}:/home/gohar/test_ws3/install/simple_pkg:/opt/ros/humble /usr/bin/cmake /home/gohar/reception_ws/src/reception_bot -DAMENT_CMAKE_SYMLINK_INSTALL=1 -DCMAKE_INSTALL_PREFIX=/home/gohar/reception_ws/src/reception_bot/install/reception_bot
[0.096s] -- The C compiler identification is GNU 11.4.0
[0.163s] -- The CXX compiler identification is GNU 11.4.0
[0.170s] -- Detecting C compiler ABI info
[0.225s] -- Detecting C compiler ABI info - done
[0.231s] -- Check for working C compiler: /usr/bin/cc - skipped
[0.233s] -- Detecting C compile features
[0.233s] -- Detecting C compile features - done
[0.236s] -- Detecting CXX compiler ABI info
[0.295s] -- Detecting CXX compiler ABI info - done
[0.299s] -- Check for working CXX compiler: /usr/bin/c++ - skipped
[0.299s] -- Detecting CXX compile features
[0.299s] -- Detecting CXX compile features - done
[0.304s] -- Found ament_cmake: 1.3.14 (/opt/ros/humble/share/ament_cmake/cmake)
[0.407s] -- Found Python3: /usr/bin/python3 (found version "3.10.12") found components: Interpreter 
[0.464s] -- Override CMake install command with custom implementation using symlinks instead of copying resources
[0.489s] -- Found rclcpp: 16.0.19 (/opt/ros/humble/share/rclcpp/cmake)
[0.521s] -- Found rosidl_generator_c: 3.1.8 (/opt/ros/humble/share/rosidl_generator_c/cmake)
[0.525s] -- Found rosidl_adapter: 3.1.8 (/opt/ros/humble/share/rosidl_adapter/cmake)
[0.535s] -- Found rosidl_generator_cpp: 3.1.8 (/opt/ros/humble/share/rosidl_generator_cpp/cmake)
[0.544s] -- Using all available rosidl_typesupport_c: rosidl_typesupport_fastrtps_c;rosidl_typesupport_introspection_c
[0.555s] -- Using all available rosidl_typesupport_cpp: rosidl_typesupport_fastrtps_cpp;rosidl_typesupport_introspection_cpp
[0.586s] -- Found rmw_implementation_cmake: 6.1.2 (/opt/ros/humble/share/rmw_implementation_cmake/cmake)
[0.589s] -- Found rmw_fastrtps_cpp: 6.2.10 (/opt/ros/humble/share/rmw_fastrtps_cpp/cmake)
[0.663s] -- Found OpenSSL: /usr/lib/x86_64-linux-gnu/libcrypto.so (found version "3.0.2")  
[0.681s] -- Found FastRTPS: /opt/ros/humble/include  
[0.705s] -- Using RMW implementation 'rmw_fastrtps_cpp' as default
[0.715s] -- Looking for pthread.h
[0.783s] -- Looking for pthread.h - found
[0.783s] -- Performing Test CMAKE_HAVE_LIBC_PTHREAD
[0.842s] -- Performing Test CMAKE_HAVE_LIBC_PTHREAD - Success
[0.843s] -- Found Threads: TRUE  
[0.894s] -- Found sensor_msgs: 4.9.1 (/opt/ros/humble/share/sensor_msgs/cmake)
[0.915s] -- Found nav_msgs: 4.9.1 (/opt/ros/humble/share/nav_msgs/cmake)
[0.926s] -- Found ament_lint_auto: 0.12.15 (/opt/ros/humble/share/ament_lint_auto/cmake)
[0.981s] -- Added test 'cppcheck' to perform static code analysis on C / C++ code
[0.981s] -- Configured cppcheck include dirs: 
[0.981s] -- Configured cppcheck exclude dirs and/or files: 
[0.983s] -- Added test 'lint_cmake' to check CMake code style
[0.985s] -- Added test 'uncrustify' to check C / C++ code style
[0.985s] -- Configured uncrustify additional arguments: 
[0.986s] -- Added test 'xmllint' to check XML markup files
[0.986s] -- Configuring done
[0.988s] -- Generating done
[0.990s] -- Build files have been written to: /home/gohar/reception_ws/src/reception_bot/build/reception_bot
[0.997s] Invoked command in '/home/gohar/reception_ws/src/reception_bot/build/reception_bot' returned '0': CMAKE_PREFIX_PATH=${CMAKE_PREFIX_PATH}:/home/gohar/test_ws3/install/simple_pkg:/opt/ros/humble /usr/bin/cmake /home/gohar/reception_ws/src/reception_bot -DAMENT_CMAKE_SYMLINK_INSTALL=1 -DCMAKE_INSTALL_PREFIX=/home/gohar/reception_ws/src/reception_bot/install/reception_bot
[0.997s] Invoking command in '/home/gohar/reception_ws/src/reception_bot/build/reception_bot': CMAKE_PREFIX_PATH=${CMAKE_PREFIX_PATH}:/home/gohar/test_ws3/install/simple_pkg:/opt/ros/humble /usr/bin/cmake --build /home/gohar/reception_ws/src/reception_bot/build/reception_bot -- -j16 -l16
[1.024s] Invoked command in '/home/gohar/reception_ws/src/reception_bot/build/reception_bot' returned '0': CMAKE_PREFIX_PATH=${CMAKE_PREFIX_PATH}:/home/gohar/test_ws3/install/simple_pkg:/opt/ros/humble /usr/bin/cmake --build /home/gohar/reception_ws/src/reception_bot/build/reception_bot -- -j16 -l16
[1.035s] Invoking command in '/home/gohar/reception_ws/src/reception_bot/build/reception_bot': CMAKE_PREFIX_PATH=${CMAKE_PREFIX_PATH}:/home/gohar/test_ws3/install/simple_pkg:/opt/ros/humble /usr/bin/cmake --install /home/gohar/reception_ws/src/reception_bot/build/reception_bot
[1.040s] -- Install configuration: ""
[1.040s] -- Execute custom install script
[1.040s] -- Symlinking: /home/gohar/reception_ws/src/reception_bot/install/reception_bot/share/ament_index/resource_index/package_run_dependencies/reception_bot
[1.048s] -- Symlinking: /home/gohar/reception_ws/src/reception_bot/install/reception_bot/share/ament_index/resource_index/parent_prefix_path/reception_bot
[1.055s] -- Symlinking: /home/gohar/reception_ws/src/reception_bot/install/reception_bot/share/reception_bot/environment/ament_prefix_path.sh
[1.063s] -- Symlinking: /home/gohar/reception_ws/src/reception_bot/install/reception_bot/share/reception_bot/environment/ament_prefix_path.dsv
[1.069s] -- Symlinking: /home/gohar/reception_ws/src/reception_bot/install/reception_bot/share/reception_bot/environment/path.sh
[1.074s] -- Symlinking: /home/gohar/reception_ws/src/reception_bot/install/reception_bot/share/reception_bot/environment/path.dsv
[1.080s] -- Symlinking: /home/gohar/reception_ws/src/reception_bot/install/reception_bot/share/reception_bot/local_setup.bash
[1.086s] -- Symlinking: /home/gohar/reception_ws/src/reception_bot/install/reception_bot/share/reception_bot/local_setup.sh
[1.091s] -- Symlinking: /home/gohar/reception_ws/src/reception_bot/install/reception_bot/share/reception_bot/local_setup.zsh
[1.096s] -- Symlinking: /home/gohar/reception_ws/src/reception_bot/install/reception_bot/share/reception_bot/local_setup.dsv
[1.102s] -- Symlinking: /home/gohar/reception_ws/src/reception_bot/install/reception_bot/share/reception_bot/package.dsv
[1.107s] -- Symlinking: /home/gohar/reception_ws/src/reception_bot/install/reception_bot/share/ament_index/resource_index/packages/reception_bot
[1.112s] -- Symlinking: /home/gohar/reception_ws/src/reception_bot/install/reception_bot/share/reception_bot/cmake/reception_botConfig.cmake
[1.118s] -- Symlinking: /home/gohar/reception_ws/src/reception_bot/install/reception_bot/share/reception_bot/cmake/reception_botConfig-version.cmake
[1.123s] -- Symlinking: /home/gohar/reception_ws/src/reception_bot/install/reception_bot/share/reception_bot/package.xml
[1.131s] Invoked command in '/home/gohar/reception_ws/src/reception_bot/build/reception_bot' returned '0': CMAKE_PREFIX_PATH=${CMAKE_PREFIX_PATH}:/home/gohar/test_ws3/install/simple_pkg:/opt/ros/humble /usr/bin/cmake --install /home/gohar/reception_ws/src/reception_bot/build/reception_bot
