[0.086s] DEBUG:colcon:Command line arguments: ['/usr/bin/colcon', 'build', '--symlink-install']
[0.086s] DEBUG:colcon:Parsed command line arguments: Namespace(log_base=None, log_level=None, verb_name='build', build_base='build', install_base='install', merge_install=False, symlink_install=True, test_result_base=None, continue_on_error=False, executor='parallel', parallel_workers=16, event_handlers=None, ignore_user_meta=False, metas=['./colcon.meta'], base_paths=['.'], packages_ignore=None, packages_ignore_regex=None, paths=None, packages_up_to=None, packages_up_to_regex=None, packages_above=None, packages_above_and_dependencies=None, packages_above_depth=None, packages_select_by_dep=None, packages_skip_by_dep=None, packages_skip_up_to=None, packages_select_build_failed=False, packages_skip_build_finished=False, packages_select_test_failures=False, packages_skip_test_passed=False, packages_select=None, packages_skip=None, packages_select_regex=None, packages_skip_regex=None, packages_start=None, packages_end=None, allow_overriding=[], cmake_args=None, cmake_target=None, cmake_target_skip_unavailable=False, cmake_clean_cache=False, cmake_clean_first=False, cmake_force_configure=False, ament_cmake_args=None, catkin_cmake_args=None, catkin_skip_building_tests=False, mixin_files=None, mixin=None, verb_parser=<colcon_mixin.mixin.mixin_argument.MixinArgumentDecorator object at 0x77e14d6d2cb0>, verb_extension=<colcon_core.verb.build.BuildVerb object at 0x77e14d6d2680>, main=<bound method BuildVerb.main of <colcon_core.verb.build.BuildVerb object at 0x77e14d6d2680>>, mixin_verb=('build',))
[0.215s] Level 1:colcon.colcon_core.package_discovery:discover_packages(colcon_meta) check parameters
[0.215s] Level 1:colcon.colcon_core.package_discovery:discover_packages(recursive) check parameters
[0.215s] Level 1:colcon.colcon_core.package_discovery:discover_packages(ignore) check parameters
[0.215s] Level 1:colcon.colcon_core.package_discovery:discover_packages(path) check parameters
[0.215s] Level 1:colcon.colcon_core.package_discovery:discover_packages(colcon_meta) discover
[0.215s] Level 1:colcon.colcon_core.package_discovery:discover_packages(recursive) discover
[0.215s] INFO:colcon.colcon_core.package_discovery:Crawling recursively for packages in '/home/gohar/reception_ws/src/reception_bot'
[0.215s] Level 1:colcon.colcon_core.package_identification:_identify(.) by extensions ['ignore', 'ignore_ament_install']
[0.215s] Level 1:colcon.colcon_core.package_identification:_identify(.) by extension 'ignore'
[0.215s] Level 1:colcon.colcon_core.package_identification:_identify(.) by extension 'ignore_ament_install'
[0.215s] Level 1:colcon.colcon_core.package_identification:_identify(.) by extensions ['colcon_pkg']
[0.215s] Level 1:colcon.colcon_core.package_identification:_identify(.) by extension 'colcon_pkg'
[0.215s] Level 1:colcon.colcon_core.package_identification:_identify(.) by extensions ['colcon_meta']
[0.215s] Level 1:colcon.colcon_core.package_identification:_identify(.) by extension 'colcon_meta'
[0.215s] Level 1:colcon.colcon_core.package_identification:_identify(.) by extensions ['ros']
[0.215s] Level 1:colcon.colcon_core.package_identification:_identify(.) by extension 'ros'
[0.223s] DEBUG:colcon.colcon_core.package_identification:Package '.' with type 'ros.ament_cmake' and name 'reception_bot'
[0.223s] Level 1:colcon.colcon_core.package_discovery:discover_packages(recursive) using defaults
[0.223s] Level 1:colcon.colcon_core.package_discovery:discover_packages(ignore) discover
[0.223s] Level 1:colcon.colcon_core.package_discovery:discover_packages(ignore) using defaults
[0.223s] Level 1:colcon.colcon_core.package_discovery:discover_packages(path) discover
[0.223s] Level 1:colcon.colcon_core.package_discovery:discover_packages(path) using defaults
[0.245s] Level 1:colcon.colcon_core.package_discovery:discover_packages(prefix_path) check parameters
[0.245s] Level 1:colcon.colcon_core.package_discovery:discover_packages(prefix_path) discover
[0.247s] DEBUG:colcon.colcon_installed_package_information.package_discovery:Found 3 installed packages in /home/gohar/test_ws3/install
[0.247s] DEBUG:colcon.colcon_installed_package_information.package_discovery:Found 2 installed packages in /home/gohar/test_ws/install
[0.248s] DEBUG:colcon.colcon_installed_package_information.package_discovery:Found 326 installed packages in /opt/ros/humble
[0.249s] Level 1:colcon.colcon_core.package_discovery:discover_packages(prefix_path) using defaults
[0.273s] Level 5:colcon.colcon_core.verb:set package 'reception_bot' build argument 'cmake_args' from command line to 'None'
[0.273s] Level 5:colcon.colcon_core.verb:set package 'reception_bot' build argument 'cmake_target' from command line to 'None'
[0.273s] Level 5:colcon.colcon_core.verb:set package 'reception_bot' build argument 'cmake_target_skip_unavailable' from command line to 'False'
[0.273s] Level 5:colcon.colcon_core.verb:set package 'reception_bot' build argument 'cmake_clean_cache' from command line to 'False'
[0.273s] Level 5:colcon.colcon_core.verb:set package 'reception_bot' build argument 'cmake_clean_first' from command line to 'False'
[0.273s] Level 5:colcon.colcon_core.verb:set package 'reception_bot' build argument 'cmake_force_configure' from command line to 'False'
[0.273s] Level 5:colcon.colcon_core.verb:set package 'reception_bot' build argument 'ament_cmake_args' from command line to 'None'
[0.273s] Level 5:colcon.colcon_core.verb:set package 'reception_bot' build argument 'catkin_cmake_args' from command line to 'None'
[0.273s] Level 5:colcon.colcon_core.verb:set package 'reception_bot' build argument 'catkin_skip_building_tests' from command line to 'False'
[0.273s] DEBUG:colcon.colcon_core.verb:Building package 'reception_bot' with the following arguments: {'ament_cmake_args': None, 'build_base': '/home/gohar/reception_ws/src/reception_bot/build/reception_bot', 'catkin_cmake_args': None, 'catkin_skip_building_tests': False, 'cmake_args': None, 'cmake_clean_cache': False, 'cmake_clean_first': False, 'cmake_force_configure': False, 'cmake_target': None, 'cmake_target_skip_unavailable': False, 'install_base': '/home/gohar/reception_ws/src/reception_bot/install/reception_bot', 'merge_install': False, 'path': '/home/gohar/reception_ws/src/reception_bot', 'symlink_install': True, 'test_result_base': None}
[0.274s] INFO:colcon.colcon_core.executor:Executing jobs using 'parallel' executor
[0.274s] DEBUG:colcon.colcon_parallel_executor.executor.parallel:run_until_complete
[0.274s] INFO:colcon.colcon_ros.task.ament_cmake.build:Building ROS package in '/home/gohar/reception_ws/src/reception_bot' with build type 'ament_cmake'
[0.274s] INFO:colcon.colcon_cmake.task.cmake.build:Building CMake package in '/home/gohar/reception_ws/src/reception_bot'
[0.277s] INFO:colcon.colcon_core.plugin_system:Skipping extension 'colcon_core.shell.bat': Not used on non-Windows systems
[0.277s] INFO:colcon.colcon_core.shell:Skip shell extension 'powershell' for command environment: Not usable outside of PowerShell
[0.277s] DEBUG:colcon.colcon_core.shell:Skip shell extension 'dsv' for command environment
[0.282s] DEBUG:colcon.colcon_core.event_handler.log_command:Invoking command in '/home/gohar/reception_ws/src/reception_bot/build/reception_bot': CMAKE_PREFIX_PATH=${CMAKE_PREFIX_PATH}:/home/gohar/test_ws3/install/simple_pkg:/opt/ros/humble /usr/bin/cmake /home/gohar/reception_ws/src/reception_bot -DAMENT_CMAKE_SYMLINK_INSTALL=1 -DCMAKE_INSTALL_PREFIX=/home/gohar/reception_ws/src/reception_bot/install/reception_bot
[1.272s] DEBUG:colcon.colcon_core.event_handler.log_command:Invoked command in '/home/gohar/reception_ws/src/reception_bot/build/reception_bot' returned '0': CMAKE_PREFIX_PATH=${CMAKE_PREFIX_PATH}:/home/gohar/test_ws3/install/simple_pkg:/opt/ros/humble /usr/bin/cmake /home/gohar/reception_ws/src/reception_bot -DAMENT_CMAKE_SYMLINK_INSTALL=1 -DCMAKE_INSTALL_PREFIX=/home/gohar/reception_ws/src/reception_bot/install/reception_bot
[1.272s] DEBUG:colcon.colcon_core.event_handler.log_command:Invoking command in '/home/gohar/reception_ws/src/reception_bot/build/reception_bot': CMAKE_PREFIX_PATH=${CMAKE_PREFIX_PATH}:/home/gohar/test_ws3/install/simple_pkg:/opt/ros/humble /usr/bin/cmake --build /home/gohar/reception_ws/src/reception_bot/build/reception_bot -- -j16 -l16
[1.299s] DEBUG:colcon.colcon_core.event_handler.log_command:Invoked command in '/home/gohar/reception_ws/src/reception_bot/build/reception_bot' returned '0': CMAKE_PREFIX_PATH=${CMAKE_PREFIX_PATH}:/home/gohar/test_ws3/install/simple_pkg:/opt/ros/humble /usr/bin/cmake --build /home/gohar/reception_ws/src/reception_bot/build/reception_bot -- -j16 -l16
[1.310s] DEBUG:colcon.colcon_core.event_handler.log_command:Invoking command in '/home/gohar/reception_ws/src/reception_bot/build/reception_bot': CMAKE_PREFIX_PATH=${CMAKE_PREFIX_PATH}:/home/gohar/test_ws3/install/simple_pkg:/opt/ros/humble /usr/bin/cmake --install /home/gohar/reception_ws/src/reception_bot/build/reception_bot
[1.405s] Level 1:colcon.colcon_core.environment:create_environment_scripts_only(reception_bot)
[1.406s] DEBUG:colcon.colcon_core.event_handler.log_command:Invoked command in '/home/gohar/reception_ws/src/reception_bot/build/reception_bot' returned '0': CMAKE_PREFIX_PATH=${CMAKE_PREFIX_PATH}:/home/gohar/test_ws3/install/simple_pkg:/opt/ros/humble /usr/bin/cmake --install /home/gohar/reception_ws/src/reception_bot/build/reception_bot
[1.412s] Level 1:colcon.colcon_core.environment:checking '/home/gohar/reception_ws/src/reception_bot/install/reception_bot' for CMake module files
[1.413s] Level 1:colcon.colcon_core.environment:checking '/home/gohar/reception_ws/src/reception_bot/install/reception_bot' for CMake config files
[1.413s] Level 1:colcon.colcon_core.shell:create_environment_hook('reception_bot', 'cmake_prefix_path')
[1.413s] INFO:colcon.colcon_core.shell:Creating environment hook '/home/gohar/reception_ws/src/reception_bot/install/reception_bot/share/reception_bot/hook/cmake_prefix_path.ps1'
[1.413s] INFO:colcon.colcon_core.shell:Creating environment descriptor '/home/gohar/reception_ws/src/reception_bot/install/reception_bot/share/reception_bot/hook/cmake_prefix_path.dsv'
[1.414s] INFO:colcon.colcon_core.shell:Creating environment hook '/home/gohar/reception_ws/src/reception_bot/install/reception_bot/share/reception_bot/hook/cmake_prefix_path.sh'
[1.414s] Level 1:colcon.colcon_core.environment:checking '/home/gohar/reception_ws/src/reception_bot/install/reception_bot/bin'
[1.414s] Level 1:colcon.colcon_core.environment:checking '/home/gohar/reception_ws/src/reception_bot/install/reception_bot/lib/pkgconfig/reception_bot.pc'
[1.414s] Level 1:colcon.colcon_core.environment:checking '/home/gohar/reception_ws/src/reception_bot/install/reception_bot/lib/python3.10/site-packages'
[1.415s] Level 1:colcon.colcon_core.environment:checking '/home/gohar/reception_ws/src/reception_bot/install/reception_bot/bin'
[1.415s] INFO:colcon.colcon_core.shell:Creating package script '/home/gohar/reception_ws/src/reception_bot/install/reception_bot/share/reception_bot/package.ps1'
[1.415s] INFO:colcon.colcon_core.shell:Creating package descriptor '/home/gohar/reception_ws/src/reception_bot/install/reception_bot/share/reception_bot/package.dsv'
[1.416s] INFO:colcon.colcon_core.shell:Creating package script '/home/gohar/reception_ws/src/reception_bot/install/reception_bot/share/reception_bot/package.sh'
[1.416s] INFO:colcon.colcon_core.shell:Creating package script '/home/gohar/reception_ws/src/reception_bot/install/reception_bot/share/reception_bot/package.bash'
[1.417s] INFO:colcon.colcon_core.shell:Creating package script '/home/gohar/reception_ws/src/reception_bot/install/reception_bot/share/reception_bot/package.zsh'
[1.417s] Level 1:colcon.colcon_core.environment:create_file_with_runtime_dependencies(/home/gohar/reception_ws/src/reception_bot/install/reception_bot/share/colcon-core/packages/reception_bot)
[1.417s] Level 1:colcon.colcon_core.environment:create_environment_scripts_only(reception_bot)
[1.418s] Level 1:colcon.colcon_core.environment:checking '/home/gohar/reception_ws/src/reception_bot/install/reception_bot' for CMake module files
[1.418s] Level 1:colcon.colcon_core.environment:checking '/home/gohar/reception_ws/src/reception_bot/install/reception_bot' for CMake config files
[1.418s] Level 1:colcon.colcon_core.shell:create_environment_hook('reception_bot', 'cmake_prefix_path')
[1.418s] INFO:colcon.colcon_core.shell:Creating environment hook '/home/gohar/reception_ws/src/reception_bot/install/reception_bot/share/reception_bot/hook/cmake_prefix_path.ps1'
[1.418s] INFO:colcon.colcon_core.shell:Creating environment descriptor '/home/gohar/reception_ws/src/reception_bot/install/reception_bot/share/reception_bot/hook/cmake_prefix_path.dsv'
[1.418s] INFO:colcon.colcon_core.shell:Creating environment hook '/home/gohar/reception_ws/src/reception_bot/install/reception_bot/share/reception_bot/hook/cmake_prefix_path.sh'
[1.419s] Level 1:colcon.colcon_core.environment:checking '/home/gohar/reception_ws/src/reception_bot/install/reception_bot/bin'
[1.419s] Level 1:colcon.colcon_core.environment:checking '/home/gohar/reception_ws/src/reception_bot/install/reception_bot/lib/pkgconfig/reception_bot.pc'
[1.419s] Level 1:colcon.colcon_core.environment:checking '/home/gohar/reception_ws/src/reception_bot/install/reception_bot/lib/python3.10/site-packages'
[1.419s] Level 1:colcon.colcon_core.environment:checking '/home/gohar/reception_ws/src/reception_bot/install/reception_bot/bin'
[1.419s] INFO:colcon.colcon_core.shell:Creating package script '/home/gohar/reception_ws/src/reception_bot/install/reception_bot/share/reception_bot/package.ps1'
[1.419s] INFO:colcon.colcon_core.shell:Creating package descriptor '/home/gohar/reception_ws/src/reception_bot/install/reception_bot/share/reception_bot/package.dsv'
[1.420s] INFO:colcon.colcon_core.shell:Creating package script '/home/gohar/reception_ws/src/reception_bot/install/reception_bot/share/reception_bot/package.sh'
[1.420s] INFO:colcon.colcon_core.shell:Creating package script '/home/gohar/reception_ws/src/reception_bot/install/reception_bot/share/reception_bot/package.bash'
[1.420s] INFO:colcon.colcon_core.shell:Creating package script '/home/gohar/reception_ws/src/reception_bot/install/reception_bot/share/reception_bot/package.zsh'
[1.420s] Level 1:colcon.colcon_core.environment:create_file_with_runtime_dependencies(/home/gohar/reception_ws/src/reception_bot/install/reception_bot/share/colcon-core/packages/reception_bot)
[1.420s] DEBUG:colcon.colcon_parallel_executor.executor.parallel:closing loop
[1.420s] DEBUG:colcon.colcon_parallel_executor.executor.parallel:loop closed
[1.420s] DEBUG:colcon.colcon_parallel_executor.executor.parallel:run_until_complete finished with '0'
[1.421s] DEBUG:colcon.colcon_core.event_reactor:joining thread
[1.426s] INFO:colcon.colcon_core.plugin_system:Skipping extension 'colcon_notification.desktop_notification.terminal_notifier': Not used on non-Darwin systems
[1.426s] INFO:colcon.colcon_core.plugin_system:Skipping extension 'colcon_notification.desktop_notification.win32': Not used on non-Windows systems
[1.426s] INFO:colcon.colcon_notification.desktop_notification:Sending desktop notification using 'notify2'
[1.441s] DEBUG:colcon.colcon_core.event_reactor:joined thread
[1.441s] INFO:colcon.colcon_core.shell:Creating prefix script '/home/gohar/reception_ws/src/reception_bot/install/local_setup.ps1'
[1.442s] INFO:colcon.colcon_core.shell:Creating prefix util module '/home/gohar/reception_ws/src/reception_bot/install/_local_setup_util_ps1.py'
[1.443s] INFO:colcon.colcon_core.shell:Creating prefix chain script '/home/gohar/reception_ws/src/reception_bot/install/setup.ps1'
[1.444s] INFO:colcon.colcon_core.shell:Creating prefix script '/home/gohar/reception_ws/src/reception_bot/install/local_setup.sh'
[1.444s] INFO:colcon.colcon_core.shell:Creating prefix util module '/home/gohar/reception_ws/src/reception_bot/install/_local_setup_util_sh.py'
[1.445s] INFO:colcon.colcon_core.shell:Creating prefix chain script '/home/gohar/reception_ws/src/reception_bot/install/setup.sh'
[1.445s] INFO:colcon.colcon_core.shell:Creating prefix script '/home/gohar/reception_ws/src/reception_bot/install/local_setup.bash'
[1.446s] INFO:colcon.colcon_core.shell:Creating prefix chain script '/home/gohar/reception_ws/src/reception_bot/install/setup.bash'
[1.446s] INFO:colcon.colcon_core.shell:Creating prefix script '/home/gohar/reception_ws/src/reception_bot/install/local_setup.zsh'
[1.447s] INFO:colcon.colcon_core.shell:Creating prefix chain script '/home/gohar/reception_ws/src/reception_bot/install/setup.zsh'
